[2024-03-04T09:33:49.420+0000][gc] Using G1
[2024-03-04T09:33:49.421+0000][gc,init] Version: 17.0.2+8 (release)
[2024-03-04T09:33:49.421+0000][gc,init] CPUs: 10 total, 10 available
[2024-03-04T09:33:49.421+0000][gc,init] Memory: 16384M
[2024-03-04T09:33:49.421+0000][gc,init] Large Page Support: Disabled
[2024-03-04T09:33:49.421+0000][gc,init] NUMA Support: Disabled
[2024-03-04T09:33:49.421+0000][gc,init] Compressed Oops: Enabled (Zero based)
[2024-03-04T09:33:49.421+0000][gc,init] Heap Region Size: 1M
[2024-03-04T09:33:49.421+0000][gc,init] Heap Min Capacity: 1G
[2024-03-04T09:33:49.421+0000][gc,init] Heap Initial Capacity: 1G
[2024-03-04T09:33:49.421+0000][gc,init] Heap Max Capacity: 1G
[2024-03-04T09:33:49.421+0000][gc,init] Pre-touch: Disabled
[2024-03-04T09:33:49.421+0000][gc,init] Parallel Workers: 9
[2024-03-04T09:33:49.421+0000][gc,init] Concurrent Workers: 2
[2024-03-04T09:33:49.421+0000][gc,init] Concurrent Refinement Workers: 9
[2024-03-04T09:33:49.421+0000][gc,init] Periodic GC: Disabled
[2024-03-04T09:33:49.421+0000][gc,metaspace] CDS archive(s) not mapped
[2024-03-04T09:33:49.421+0000][gc,metaspace] Compressed class space mapped at: 0x0000000800000000-0x0000000840000000, reserved size: 1073741824
[2024-03-04T09:33:49.421+0000][gc,metaspace] Narrow klass base: 0x0000000800000000, Narrow klass shift: 0, Narrow klass range: 0x40000000
[2024-03-04T09:33:49.877+0000][gc,start    ] GC(0) Pause Young (Concurrent Start) (Metadata GC Threshold)
[2024-03-04T09:33:49.877+0000][gc,task     ] GC(0) Using 9 workers of 9 for evacuation
[2024-03-04T09:33:49.880+0000][gc,phases   ] GC(0)   Pre Evacuate Collection Set: 0.2ms
[2024-03-04T09:33:49.880+0000][gc,phases   ] GC(0)   Merge Heap Roots: 0.0ms
[2024-03-04T09:33:49.880+0000][gc,phases   ] GC(0)   Evacuate Collection Set: 2.6ms
[2024-03-04T09:33:49.880+0000][gc,phases   ] GC(0)   Post Evacuate Collection Set: 0.2ms
[2024-03-04T09:33:49.881+0000][gc,phases   ] GC(0)   Other: 0.3ms
[2024-03-04T09:33:49.881+0000][gc,heap     ] GC(0) Eden regions: 35->0(44)
[2024-03-04T09:33:49.881+0000][gc,heap     ] GC(0) Survivor regions: 0->7(7)
[2024-03-04T09:33:49.881+0000][gc,heap     ] GC(0) Old regions: 0->1
[2024-03-04T09:33:49.881+0000][gc,heap     ] GC(0) Archive regions: 0->0
[2024-03-04T09:33:49.881+0000][gc,heap     ] GC(0) Humongous regions: 0->0
[2024-03-04T09:33:49.881+0000][gc,metaspace] GC(0) Metaspace: 21294K(21504K)->21294K(21504K) NonClass: 18971K(19072K)->18971K(19072K) Class: 2323K(2432K)->2323K(2432K)
[2024-03-04T09:33:49.881+0000][gc          ] GC(0) Pause Young (Concurrent Start) (Metadata GC Threshold) 34M->7M(1024M) 3.474ms
[2024-03-04T09:33:49.881+0000][gc,cpu      ] GC(0) User=0.02s Sys=0.00s Real=0.01s
[2024-03-04T09:33:49.881+0000][gc          ] GC(1) Concurrent Mark Cycle
[2024-03-04T09:33:49.881+0000][gc,marking  ] GC(1) Concurrent Clear Claimed Marks
[2024-03-04T09:33:49.881+0000][gc,marking  ] GC(1) Concurrent Clear Claimed Marks 0.010ms
[2024-03-04T09:33:49.881+0000][gc,marking  ] GC(1) Concurrent Scan Root Regions
[2024-03-04T09:33:49.882+0000][gc,marking  ] GC(1) Concurrent Scan Root Regions 0.962ms
[2024-03-04T09:33:49.882+0000][gc,marking  ] GC(1) Concurrent Mark
[2024-03-04T09:33:49.882+0000][gc,marking  ] GC(1) Concurrent Mark From Roots
[2024-03-04T09:33:49.882+0000][gc,task     ] GC(1) Using 2 workers of 2 for marking
[2024-03-04T09:33:49.882+0000][gc,marking  ] GC(1) Concurrent Mark From Roots 0.203ms
[2024-03-04T09:33:49.882+0000][gc,marking  ] GC(1) Concurrent Preclean
[2024-03-04T09:33:49.882+0000][gc,marking  ] GC(1) Concurrent Preclean 0.016ms
[2024-03-04T09:33:49.882+0000][gc,start    ] GC(1) Pause Remark
[2024-03-04T09:33:49.883+0000][gc          ] GC(1) Pause Remark 8M->8M(1024M) 0.736ms
[2024-03-04T09:33:49.883+0000][gc,cpu      ] GC(1) User=0.00s Sys=0.00s Real=0.00s
[2024-03-04T09:33:49.883+0000][gc,marking  ] GC(1) Concurrent Mark 1.126ms
[2024-03-04T09:33:49.883+0000][gc,marking  ] GC(1) Concurrent Rebuild Remembered Sets
[2024-03-04T09:33:49.883+0000][gc,marking  ] GC(1) Concurrent Rebuild Remembered Sets 0.222ms
[2024-03-04T09:33:49.883+0000][gc,start    ] GC(1) Pause Cleanup
[2024-03-04T09:33:49.883+0000][gc          ] GC(1) Pause Cleanup 8M->8M(1024M) 0.094ms
[2024-03-04T09:33:49.883+0000][gc,cpu      ] GC(1) User=0.00s Sys=0.00s Real=0.00s
[2024-03-04T09:33:49.883+0000][gc,marking  ] GC(1) Concurrent Cleanup for Next Mark
[2024-03-04T09:33:49.885+0000][gc,marking  ] GC(1) Concurrent Cleanup for Next Mark 1.452ms
[2024-03-04T09:33:49.885+0000][gc          ] GC(1) Concurrent Mark Cycle 4.040ms
[2024-03-04T09:33:50.224+0000][gc,start    ] GC(2) Pause Young (Normal) (G1 Evacuation Pause)
[2024-03-04T09:33:50.224+0000][gc,task     ] GC(2) Using 9 workers of 9 for evacuation
[2024-03-04T09:33:50.228+0000][gc,phases   ] GC(2)   Pre Evacuate Collection Set: 0.2ms
[2024-03-04T09:33:50.228+0000][gc,phases   ] GC(2)   Merge Heap Roots: 0.0ms
[2024-03-04T09:33:50.228+0000][gc,phases   ] GC(2)   Evacuate Collection Set: 3.2ms
[2024-03-04T09:33:50.228+0000][gc,phases   ] GC(2)   Post Evacuate Collection Set: 0.3ms
[2024-03-04T09:33:50.228+0000][gc,phases   ] GC(2)   Other: 0.1ms
[2024-03-04T09:33:50.228+0000][gc,heap     ] GC(2) Eden regions: 44->0(47)
[2024-03-04T09:33:50.228+0000][gc,heap     ] GC(2) Survivor regions: 7->4(7)
[2024-03-04T09:33:50.228+0000][gc,heap     ] GC(2) Old regions: 1->8
[2024-03-04T09:33:50.228+0000][gc,heap     ] GC(2) Archive regions: 0->0
[2024-03-04T09:33:50.228+0000][gc,heap     ] GC(2) Humongous regions: 0->0
[2024-03-04T09:33:50.228+0000][gc,metaspace] GC(2) Metaspace: 33390K(33664K)->33390K(33664K) NonClass: 29813K(29952K)->29813K(29952K) Class: 3576K(3712K)->3576K(3712K)
[2024-03-04T09:33:50.228+0000][gc          ] GC(2) Pause Young (Normal) (G1 Evacuation Pause) 51M->11M(1024M) 3.851ms
[2024-03-04T09:33:50.228+0000][gc,cpu      ] GC(2) User=0.02s Sys=0.00s Real=0.00s
[2024-03-04T09:33:50.284+0000][gc,start    ] GC(3) Pause Young (Concurrent Start) (Metadata GC Threshold)
[2024-03-04T09:33:50.284+0000][gc,task     ] GC(3) Using 9 workers of 9 for evacuation
[2024-03-04T09:33:50.286+0000][gc,phases   ] GC(3)   Pre Evacuate Collection Set: 0.1ms
[2024-03-04T09:33:50.286+0000][gc,phases   ] GC(3)   Merge Heap Roots: 0.0ms
[2024-03-04T09:33:50.286+0000][gc,phases   ] GC(3)   Evacuate Collection Set: 1.0ms
[2024-03-04T09:33:50.286+0000][gc,phases   ] GC(3)   Post Evacuate Collection Set: 0.2ms
[2024-03-04T09:33:50.286+0000][gc,phases   ] GC(3)   Other: 0.1ms
[2024-03-04T09:33:50.286+0000][gc,heap     ] GC(3) Eden regions: 10->0(47)
[2024-03-04T09:33:50.286+0000][gc,heap     ] GC(3) Survivor regions: 4->4(7)
[2024-03-04T09:33:50.286+0000][gc,heap     ] GC(3) Old regions: 8->8
[2024-03-04T09:33:50.286+0000][gc,heap     ] GC(3) Archive regions: 0->0
[2024-03-04T09:33:50.286+0000][gc,heap     ] GC(3) Humongous regions: 0->0
[2024-03-04T09:33:50.286+0000][gc,metaspace] GC(3) Metaspace: 35811K(35968K)->35811K(35968K) NonClass: 31928K(32000K)->31928K(32000K) Class: 3883K(3968K)->3883K(3968K)
[2024-03-04T09:33:50.286+0000][gc          ] GC(3) Pause Young (Concurrent Start) (Metadata GC Threshold) 20M->11M(1024M) 1.396ms
[2024-03-04T09:33:50.286+0000][gc,cpu      ] GC(3) User=0.01s Sys=0.00s Real=0.00s
[2024-03-04T09:33:50.286+0000][gc          ] GC(4) Concurrent Mark Cycle
[2024-03-04T09:33:50.286+0000][gc,marking  ] GC(4) Concurrent Clear Claimed Marks
[2024-03-04T09:33:50.286+0000][gc,marking  ] GC(4) Concurrent Clear Claimed Marks 0.010ms
[2024-03-04T09:33:50.286+0000][gc,marking  ] GC(4) Concurrent Scan Root Regions
[2024-03-04T09:33:50.287+0000][gc,marking  ] GC(4) Concurrent Scan Root Regions 0.928ms
[2024-03-04T09:33:50.287+0000][gc,marking  ] GC(4) Concurrent Mark
[2024-03-04T09:33:50.287+0000][gc,marking  ] GC(4) Concurrent Mark From Roots
[2024-03-04T09:33:50.287+0000][gc,task     ] GC(4) Using 2 workers of 2 for marking
[2024-03-04T09:33:50.289+0000][gc,marking  ] GC(4) Concurrent Mark From Roots 2.421ms
[2024-03-04T09:33:50.289+0000][gc,marking  ] GC(4) Concurrent Preclean
[2024-03-04T09:33:50.289+0000][gc,marking  ] GC(4) Concurrent Preclean 0.044ms
[2024-03-04T09:33:50.289+0000][gc,start    ] GC(4) Pause Remark
[2024-03-04T09:33:50.290+0000][gc          ] GC(4) Pause Remark 12M->12M(1024M) 0.637ms
[2024-03-04T09:33:50.290+0000][gc,cpu      ] GC(4) User=0.01s Sys=0.00s Real=0.01s
[2024-03-04T09:33:50.290+0000][gc,marking  ] GC(4) Concurrent Mark 3.254ms
[2024-03-04T09:33:50.290+0000][gc,marking  ] GC(4) Concurrent Rebuild Remembered Sets
[2024-03-04T09:33:50.291+0000][gc,marking  ] GC(4) Concurrent Rebuild Remembered Sets 1.258ms
[2024-03-04T09:33:50.291+0000][gc,start    ] GC(4) Pause Cleanup
[2024-03-04T09:33:50.291+0000][gc          ] GC(4) Pause Cleanup 12M->12M(1024M) 0.073ms
[2024-03-04T09:33:50.291+0000][gc,cpu      ] GC(4) User=0.00s Sys=0.00s Real=0.00s
[2024-03-04T09:33:50.291+0000][gc,marking  ] GC(4) Concurrent Cleanup for Next Mark
[2024-03-04T09:33:50.293+0000][gc,marking  ] GC(4) Concurrent Cleanup for Next Mark 1.448ms
[2024-03-04T09:33:50.293+0000][gc          ] GC(4) Concurrent Mark Cycle 7.188ms
[2024-03-04T09:34:01.808+0000][gc,start    ] GC(5) Pause Young (Prepare Mixed) (G1 Evacuation Pause)
[2024-03-04T09:34:01.808+0000][gc,task     ] GC(5) Using 9 workers of 9 for evacuation
[2024-03-04T09:34:01.812+0000][gc,phases   ] GC(5)   Pre Evacuate Collection Set: 0.1ms
[2024-03-04T09:34:01.812+0000][gc,phases   ] GC(5)   Merge Heap Roots: 0.0ms
[2024-03-04T09:34:01.812+0000][gc,phases   ] GC(5)   Evacuate Collection Set: 2.8ms
[2024-03-04T09:34:01.812+0000][gc,phases   ] GC(5)   Post Evacuate Collection Set: 0.3ms
[2024-03-04T09:34:01.812+0000][gc,phases   ] GC(5)   Other: 0.1ms
[2024-03-04T09:34:01.812+0000][gc,heap     ] GC(5) Eden regions: 47->0(44)
[2024-03-04T09:34:01.812+0000][gc,heap     ] GC(5) Survivor regions: 4->7(7)
[2024-03-04T09:34:01.812+0000][gc,heap     ] GC(5) Old regions: 8->9
[2024-03-04T09:34:01.812+0000][gc,heap     ] GC(5) Archive regions: 0->0
[2024-03-04T09:34:01.812+0000][gc,heap     ] GC(5) Humongous regions: 138->138
[2024-03-04T09:34:01.812+0000][gc,metaspace] GC(5) Metaspace: 43920K(44224K)->43920K(44224K) NonClass: 39195K(39360K)->39195K(39360K) Class: 4725K(4864K)->4725K(4864K)
[2024-03-04T09:34:01.812+0000][gc          ] GC(5) Pause Young (Prepare Mixed) (G1 Evacuation Pause) 196M->153M(1024M) 3.454ms
[2024-03-04T09:34:01.812+0000][gc,cpu      ] GC(5) User=0.01s Sys=0.00s Real=0.01s
[2024-03-04T09:38:46.888+0000][gc,start    ] GC(6) Pause Young (Mixed) (G1 Evacuation Pause)
[2024-03-04T09:38:46.888+0000][gc,task     ] GC(6) Using 9 workers of 9 for evacuation
[2024-03-04T09:38:46.906+0000][gc,phases   ] GC(6)   Pre Evacuate Collection Set: 0.8ms
[2024-03-04T09:38:46.906+0000][gc,phases   ] GC(6)   Merge Heap Roots: 0.2ms
[2024-03-04T09:38:46.906+0000][gc,phases   ] GC(6)   Evacuate Collection Set: 16.2ms
[2024-03-04T09:38:46.906+0000][gc,phases   ] GC(6)   Post Evacuate Collection Set: 0.5ms
[2024-03-04T09:38:46.906+0000][gc,phases   ] GC(6)   Other: 1.1ms
[2024-03-04T09:38:46.906+0000][gc,heap     ] GC(6) Eden regions: 44->0(48)
[2024-03-04T09:38:46.906+0000][gc,heap     ] GC(6) Survivor regions: 7->3(7)
[2024-03-04T09:38:46.906+0000][gc,heap     ] GC(6) Old regions: 9->16
[2024-03-04T09:38:46.906+0000][gc,heap     ] GC(6) Archive regions: 0->0
[2024-03-04T09:38:46.906+0000][gc,heap     ] GC(6) Humongous regions: 138->138
[2024-03-04T09:38:46.906+0000][gc,metaspace] GC(6) Metaspace: 45451K(45760K)->45451K(45760K) NonClass: 40674K(40832K)->40674K(40832K) Class: 4777K(4928K)->4777K(4928K)
[2024-03-04T09:38:46.906+0000][gc          ] GC(6) Pause Young (Mixed) (G1 Evacuation Pause) 197M->155M(1024M) 18.688ms
[2024-03-04T09:38:46.906+0000][gc,cpu      ] GC(6) User=0.03s Sys=0.03s Real=0.02s
[2024-03-04T09:42:01.102+0000][gc,heap,exit] Heap
[2024-03-04T09:42:01.103+0000][gc,heap,exit]  garbage-first heap   total 1048576K, used 200345K [0x00000007c0000000, 0x0000000800000000)
[2024-03-04T09:42:01.103+0000][gc,heap,exit]   region size 1024K, 44 young (45056K), 3 survivors (3072K)
[2024-03-04T09:42:01.103+0000][gc,heap,exit]  Metaspace       used 46172K, committed 46528K, reserved 1097728K
[2024-03-04T09:42:01.103+0000][gc,heap,exit]   class space    used 4937K, committed 5056K, reserved 1048576K
