[2024-03-04T09:31:02.240+0000][gc] Using G1
[2024-03-04T09:31:02.242+0000][gc,init] Version: 17.0.2+8 (release)
[2024-03-04T09:31:02.242+0000][gc,init] CPUs: 10 total, 10 available
[2024-03-04T09:31:02.242+0000][gc,init] Memory: 16384M
[2024-03-04T09:31:02.242+0000][gc,init] Large Page Support: Disabled
[2024-03-04T09:31:02.242+0000][gc,init] NUMA Support: Disabled
[2024-03-04T09:31:02.242+0000][gc,init] Compressed Oops: Enabled (Zero based)
[2024-03-04T09:31:02.242+0000][gc,init] Heap Region Size: 1M
[2024-03-04T09:31:02.242+0000][gc,init] Heap Min Capacity: 1G
[2024-03-04T09:31:02.242+0000][gc,init] Heap Initial Capacity: 1G
[2024-03-04T09:31:02.242+0000][gc,init] Heap Max Capacity: 1G
[2024-03-04T09:31:02.242+0000][gc,init] Pre-touch: Disabled
[2024-03-04T09:31:02.242+0000][gc,init] Parallel Workers: 9
[2024-03-04T09:31:02.242+0000][gc,init] Concurrent Workers: 2
[2024-03-04T09:31:02.242+0000][gc,init] Concurrent Refinement Workers: 9
[2024-03-04T09:31:02.242+0000][gc,init] Periodic GC: Disabled
[2024-03-04T09:31:02.242+0000][gc,metaspace] CDS archive(s) not mapped
[2024-03-04T09:31:02.242+0000][gc,metaspace] Compressed class space mapped at: 0x0000000800000000-0x0000000840000000, reserved size: 1073741824
[2024-03-04T09:31:02.242+0000][gc,metaspace] Narrow klass base: 0x0000000800000000, Narrow klass shift: 0, Narrow klass range: 0x40000000
[2024-03-04T09:31:02.692+0000][gc,start    ] GC(0) Pause Young (Concurrent Start) (Metadata GC Threshold)
[2024-03-04T09:31:02.693+0000][gc,task     ] GC(0) Using 9 workers of 9 for evacuation
[2024-03-04T09:31:02.696+0000][gc,phases   ] GC(0)   Pre Evacuate Collection Set: 0.1ms
[2024-03-04T09:31:02.696+0000][gc,phases   ] GC(0)   Merge Heap Roots: 0.0ms
[2024-03-04T09:31:02.696+0000][gc,phases   ] GC(0)   Evacuate Collection Set: 3.0ms
[2024-03-04T09:31:02.696+0000][gc,phases   ] GC(0)   Post Evacuate Collection Set: 0.3ms
[2024-03-04T09:31:02.696+0000][gc,phases   ] GC(0)   Other: 0.4ms
[2024-03-04T09:31:02.696+0000][gc,heap     ] GC(0) Eden regions: 35->0(44)
[2024-03-04T09:31:02.696+0000][gc,heap     ] GC(0) Survivor regions: 0->7(7)
[2024-03-04T09:31:02.696+0000][gc,heap     ] GC(0) Old regions: 0->1
[2024-03-04T09:31:02.696+0000][gc,heap     ] GC(0) Archive regions: 0->0
[2024-03-04T09:31:02.696+0000][gc,heap     ] GC(0) Humongous regions: 0->0
[2024-03-04T09:31:02.696+0000][gc,metaspace] GC(0) Metaspace: 21295K(21504K)->21295K(21504K) NonClass: 18972K(19072K)->18972K(19072K) Class: 2323K(2432K)->2323K(2432K)
[2024-03-04T09:31:02.696+0000][gc          ] GC(0) Pause Young (Concurrent Start) (Metadata GC Threshold) 34M->7M(1024M) 3.841ms
[2024-03-04T09:31:02.696+0000][gc,cpu      ] GC(0) User=0.01s Sys=0.01s Real=0.00s
[2024-03-04T09:31:02.696+0000][gc          ] GC(1) Concurrent Mark Cycle
[2024-03-04T09:31:02.696+0000][gc,marking  ] GC(1) Concurrent Clear Claimed Marks
[2024-03-04T09:31:02.696+0000][gc,marking  ] GC(1) Concurrent Clear Claimed Marks 0.010ms
[2024-03-04T09:31:02.696+0000][gc,marking  ] GC(1) Concurrent Scan Root Regions
[2024-03-04T09:31:02.697+0000][gc,marking  ] GC(1) Concurrent Scan Root Regions 0.942ms
[2024-03-04T09:31:02.697+0000][gc,marking  ] GC(1) Concurrent Mark
[2024-03-04T09:31:02.697+0000][gc,marking  ] GC(1) Concurrent Mark From Roots
[2024-03-04T09:31:02.697+0000][gc,task     ] GC(1) Using 2 workers of 2 for marking
[2024-03-04T09:31:02.697+0000][gc,marking  ] GC(1) Concurrent Mark From Roots 0.119ms
[2024-03-04T09:31:02.697+0000][gc,marking  ] GC(1) Concurrent Preclean
[2024-03-04T09:31:02.697+0000][gc,marking  ] GC(1) Concurrent Preclean 0.014ms
[2024-03-04T09:31:02.697+0000][gc,start    ] GC(1) Pause Remark
[2024-03-04T09:31:02.698+0000][gc          ] GC(1) Pause Remark 8M->8M(1024M) 0.812ms
[2024-03-04T09:31:02.698+0000][gc,cpu      ] GC(1) User=0.00s Sys=0.00s Real=0.00s
[2024-03-04T09:31:02.698+0000][gc,marking  ] GC(1) Concurrent Mark 1.099ms
[2024-03-04T09:31:02.698+0000][gc,marking  ] GC(1) Concurrent Rebuild Remembered Sets
[2024-03-04T09:31:02.699+0000][gc,marking  ] GC(1) Concurrent Rebuild Remembered Sets 0.273ms
[2024-03-04T09:31:02.699+0000][gc,start    ] GC(1) Pause Cleanup
[2024-03-04T09:31:02.699+0000][gc          ] GC(1) Pause Cleanup 8M->8M(1024M) 0.112ms
[2024-03-04T09:31:02.699+0000][gc,cpu      ] GC(1) User=0.00s Sys=0.00s Real=0.00s
[2024-03-04T09:31:02.699+0000][gc,marking  ] GC(1) Concurrent Cleanup for Next Mark
[2024-03-04T09:31:02.701+0000][gc,marking  ] GC(1) Concurrent Cleanup for Next Mark 2.446ms
[2024-03-04T09:31:02.701+0000][gc          ] GC(1) Concurrent Mark Cycle 5.064ms
[2024-03-04T09:31:03.014+0000][gc,start    ] GC(2) Pause Young (Normal) (G1 Evacuation Pause)
[2024-03-04T09:31:03.014+0000][gc,task     ] GC(2) Using 9 workers of 9 for evacuation
[2024-03-04T09:31:03.017+0000][gc,phases   ] GC(2)   Pre Evacuate Collection Set: 0.1ms
[2024-03-04T09:31:03.017+0000][gc,phases   ] GC(2)   Merge Heap Roots: 0.1ms
[2024-03-04T09:31:03.017+0000][gc,phases   ] GC(2)   Evacuate Collection Set: 2.7ms
[2024-03-04T09:31:03.017+0000][gc,phases   ] GC(2)   Post Evacuate Collection Set: 0.3ms
[2024-03-04T09:31:03.017+0000][gc,phases   ] GC(2)   Other: 0.1ms
[2024-03-04T09:31:03.017+0000][gc,heap     ] GC(2) Eden regions: 44->0(47)
[2024-03-04T09:31:03.017+0000][gc,heap     ] GC(2) Survivor regions: 7->4(7)
[2024-03-04T09:31:03.017+0000][gc,heap     ] GC(2) Old regions: 1->8
[2024-03-04T09:31:03.017+0000][gc,heap     ] GC(2) Archive regions: 0->0
[2024-03-04T09:31:03.017+0000][gc,heap     ] GC(2) Humongous regions: 0->0
[2024-03-04T09:31:03.017+0000][gc,metaspace] GC(2) Metaspace: 33410K(33664K)->33410K(33664K) NonClass: 29813K(29952K)->29813K(29952K) Class: 3597K(3712K)->3597K(3712K)
[2024-03-04T09:31:03.017+0000][gc          ] GC(2) Pause Young (Normal) (G1 Evacuation Pause) 51M->11M(1024M) 3.279ms
[2024-03-04T09:31:03.017+0000][gc,cpu      ] GC(2) User=0.02s Sys=0.01s Real=0.00s
[2024-03-04T09:31:03.083+0000][gc,start    ] GC(3) Pause Young (Concurrent Start) (Metadata GC Threshold)
[2024-03-04T09:31:03.083+0000][gc,task     ] GC(3) Using 9 workers of 9 for evacuation
[2024-03-04T09:31:03.085+0000][gc,phases   ] GC(3)   Pre Evacuate Collection Set: 0.1ms
[2024-03-04T09:31:03.085+0000][gc,phases   ] GC(3)   Merge Heap Roots: 0.0ms
[2024-03-04T09:31:03.085+0000][gc,phases   ] GC(3)   Evacuate Collection Set: 1.0ms
[2024-03-04T09:31:03.085+0000][gc,phases   ] GC(3)   Post Evacuate Collection Set: 0.2ms
[2024-03-04T09:31:03.085+0000][gc,phases   ] GC(3)   Other: 0.1ms
[2024-03-04T09:31:03.085+0000][gc,heap     ] GC(3) Eden regions: 10->0(47)
[2024-03-04T09:31:03.085+0000][gc,heap     ] GC(3) Survivor regions: 4->4(7)
[2024-03-04T09:31:03.085+0000][gc,heap     ] GC(3) Old regions: 8->8
[2024-03-04T09:31:03.085+0000][gc,heap     ] GC(3) Archive regions: 0->0
[2024-03-04T09:31:03.085+0000][gc,heap     ] GC(3) Humongous regions: 0->0
[2024-03-04T09:31:03.085+0000][gc,metaspace] GC(3) Metaspace: 35803K(35968K)->35803K(35968K) NonClass: 31923K(32000K)->31923K(32000K) Class: 3880K(3968K)->3880K(3968K)
[2024-03-04T09:31:03.085+0000][gc          ] GC(3) Pause Young (Concurrent Start) (Metadata GC Threshold) 20M->11M(1024M) 1.483ms
[2024-03-04T09:31:03.085+0000][gc,cpu      ] GC(3) User=0.01s Sys=0.00s Real=0.00s
[2024-03-04T09:31:03.085+0000][gc          ] GC(4) Concurrent Mark Cycle
[2024-03-04T09:31:03.085+0000][gc,marking  ] GC(4) Concurrent Clear Claimed Marks
[2024-03-04T09:31:03.085+0000][gc,marking  ] GC(4) Concurrent Clear Claimed Marks 0.010ms
[2024-03-04T09:31:03.085+0000][gc,marking  ] GC(4) Concurrent Scan Root Regions
[2024-03-04T09:31:03.086+0000][gc,marking  ] GC(4) Concurrent Scan Root Regions 0.955ms
[2024-03-04T09:31:03.086+0000][gc,marking  ] GC(4) Concurrent Mark
[2024-03-04T09:31:03.086+0000][gc,marking  ] GC(4) Concurrent Mark From Roots
[2024-03-04T09:31:03.086+0000][gc,task     ] GC(4) Using 2 workers of 2 for marking
[2024-03-04T09:31:03.088+0000][gc,marking  ] GC(4) Concurrent Mark From Roots 2.436ms
[2024-03-04T09:31:03.088+0000][gc,marking  ] GC(4) Concurrent Preclean
[2024-03-04T09:31:03.088+0000][gc,marking  ] GC(4) Concurrent Preclean 0.035ms
[2024-03-04T09:31:03.088+0000][gc,start    ] GC(4) Pause Remark
[2024-03-04T09:31:03.089+0000][gc          ] GC(4) Pause Remark 11M->11M(1024M) 0.613ms
[2024-03-04T09:31:03.089+0000][gc,cpu      ] GC(4) User=0.00s Sys=0.00s Real=0.00s
[2024-03-04T09:31:03.089+0000][gc,marking  ] GC(4) Concurrent Mark 3.248ms
[2024-03-04T09:31:03.089+0000][gc,marking  ] GC(4) Concurrent Rebuild Remembered Sets
[2024-03-04T09:31:03.090+0000][gc,marking  ] GC(4) Concurrent Rebuild Remembered Sets 1.216ms
[2024-03-04T09:31:03.090+0000][gc,start    ] GC(4) Pause Cleanup
[2024-03-04T09:31:03.090+0000][gc          ] GC(4) Pause Cleanup 12M->12M(1024M) 0.069ms
[2024-03-04T09:31:03.091+0000][gc,cpu      ] GC(4) User=0.00s Sys=0.00s Real=0.00s
[2024-03-04T09:31:03.091+0000][gc,marking  ] GC(4) Concurrent Cleanup for Next Mark
[2024-03-04T09:31:03.092+0000][gc,marking  ] GC(4) Concurrent Cleanup for Next Mark 1.167ms
[2024-03-04T09:31:03.092+0000][gc          ] GC(4) Concurrent Mark Cycle 6.882ms
[2024-03-04T09:32:03.244+0000][gc,start    ] GC(5) Pause Young (Normal) (G1 Evacuation Pause)
[2024-03-04T09:32:03.245+0000][gc,task     ] GC(5) Using 9 workers of 9 for evacuation
[2024-03-04T09:32:03.247+0000][gc,phases   ] GC(5)   Pre Evacuate Collection Set: 0.2ms
[2024-03-04T09:32:03.247+0000][gc,phases   ] GC(5)   Merge Heap Roots: 0.0ms
[2024-03-04T09:32:03.247+0000][gc,phases   ] GC(5)   Evacuate Collection Set: 1.9ms
[2024-03-04T09:32:03.247+0000][gc,phases   ] GC(5)   Post Evacuate Collection Set: 0.2ms
[2024-03-04T09:32:03.247+0000][gc,phases   ] GC(5)   Other: 0.3ms
[2024-03-04T09:32:03.247+0000][gc,heap     ] GC(5) Eden regions: 47->0(45)
[2024-03-04T09:32:03.247+0000][gc,heap     ] GC(5) Survivor regions: 4->6(7)
[2024-03-04T09:32:03.247+0000][gc,heap     ] GC(5) Old regions: 8->8
[2024-03-04T09:32:03.247+0000][gc,heap     ] GC(5) Archive regions: 0->0
[2024-03-04T09:32:03.247+0000][gc,heap     ] GC(5) Humongous regions: 0->0
[2024-03-04T09:32:03.247+0000][gc,metaspace] GC(5) Metaspace: 41972K(42240K)->41972K(42240K) NonClass: 37549K(37696K)->37549K(37696K) Class: 4422K(4544K)->4422K(4544K)
[2024-03-04T09:32:03.247+0000][gc          ] GC(5) Pause Young (Normal) (G1 Evacuation Pause) 58M->13M(1024M) 2.704ms
[2024-03-04T09:32:03.247+0000][gc,cpu      ] GC(5) User=0.01s Sys=0.00s Real=0.00s
[2024-03-04T09:32:08.328+0000][gc,heap,exit] Heap
[2024-03-04T09:32:08.328+0000][gc,heap,exit]  garbage-first heap   total 1048576K, used 19698K [0x00000007c0000000, 0x0000000800000000)
[2024-03-04T09:32:08.328+0000][gc,heap,exit]   region size 1024K, 13 young (13312K), 6 survivors (6144K)
[2024-03-04T09:32:08.328+0000][gc,heap,exit]  Metaspace       used 42319K, committed 42624K, reserved 1089536K
[2024-03-04T09:32:08.328+0000][gc,heap,exit]   class space    used 4492K, committed 4608K, reserved 1048576K
