[2024-03-04T09:33:55.608+0000][gc] Using G1
[2024-03-04T09:33:55.609+0000][gc,init] Version: 17.0.2+8 (release)
[2024-03-04T09:33:55.609+0000][gc,init] CPUs: 10 total, 10 available
[2024-03-04T09:33:55.609+0000][gc,init] Memory: 16384M
[2024-03-04T09:33:55.609+0000][gc,init] Large Page Support: Disabled
[2024-03-04T09:33:55.609+0000][gc,init] NUMA Support: Disabled
[2024-03-04T09:33:55.609+0000][gc,init] Compressed Oops: Enabled (Zero based)
[2024-03-04T09:33:55.609+0000][gc,init] Heap Region Size: 1M
[2024-03-04T09:33:55.609+0000][gc,init] Heap Min Capacity: 1G
[2024-03-04T09:33:55.609+0000][gc,init] Heap Initial Capacity: 1G
[2024-03-04T09:33:55.609+0000][gc,init] Heap Max Capacity: 1G
[2024-03-04T09:33:55.609+0000][gc,init] Pre-touch: Disabled
[2024-03-04T09:33:55.609+0000][gc,init] Parallel Workers: 9
[2024-03-04T09:33:55.609+0000][gc,init] Concurrent Workers: 2
[2024-03-04T09:33:55.609+0000][gc,init] Concurrent Refinement Workers: 9
[2024-03-04T09:33:55.609+0000][gc,init] Periodic GC: Disabled
[2024-03-04T09:33:55.609+0000][gc,metaspace] CDS archive(s) not mapped
[2024-03-04T09:33:55.609+0000][gc,metaspace] Compressed class space mapped at: 0x0000000800000000-0x0000000840000000, reserved size: 1073741824
[2024-03-04T09:33:55.609+0000][gc,metaspace] Narrow klass base: 0x0000000800000000, Narrow klass shift: 0, Narrow klass range: 0x40000000
[2024-03-04T09:33:56.010+0000][gc,start    ] GC(0) Pause Young (Concurrent Start) (Metadata GC Threshold)
[2024-03-04T09:33:56.010+0000][gc,task     ] GC(0) Using 9 workers of 9 for evacuation
[2024-03-04T09:33:56.013+0000][gc,phases   ] GC(0)   Pre Evacuate Collection Set: 0.1ms
[2024-03-04T09:33:56.013+0000][gc,phases   ] GC(0)   Merge Heap Roots: 0.0ms
[2024-03-04T09:33:56.013+0000][gc,phases   ] GC(0)   Evacuate Collection Set: 2.4ms
[2024-03-04T09:33:56.013+0000][gc,phases   ] GC(0)   Post Evacuate Collection Set: 0.2ms
[2024-03-04T09:33:56.013+0000][gc,phases   ] GC(0)   Other: 0.4ms
[2024-03-04T09:33:56.013+0000][gc,heap     ] GC(0) Eden regions: 35->0(44)
[2024-03-04T09:33:56.013+0000][gc,heap     ] GC(0) Survivor regions: 0->7(7)
[2024-03-04T09:33:56.013+0000][gc,heap     ] GC(0) Old regions: 0->1
[2024-03-04T09:33:56.013+0000][gc,heap     ] GC(0) Archive regions: 0->0
[2024-03-04T09:33:56.013+0000][gc,heap     ] GC(0) Humongous regions: 0->0
[2024-03-04T09:33:56.013+0000][gc,metaspace] GC(0) Metaspace: 21296K(21504K)->21296K(21504K) NonClass: 18972K(19072K)->18972K(19072K) Class: 2323K(2432K)->2323K(2432K)
[2024-03-04T09:33:56.013+0000][gc          ] GC(0) Pause Young (Concurrent Start) (Metadata GC Threshold) 34M->7M(1024M) 3.191ms
[2024-03-04T09:33:56.013+0000][gc,cpu      ] GC(0) User=0.01s Sys=0.01s Real=0.00s
[2024-03-04T09:33:56.013+0000][gc          ] GC(1) Concurrent Mark Cycle
[2024-03-04T09:33:56.013+0000][gc,marking  ] GC(1) Concurrent Clear Claimed Marks
[2024-03-04T09:33:56.013+0000][gc,marking  ] GC(1) Concurrent Clear Claimed Marks 0.009ms
[2024-03-04T09:33:56.013+0000][gc,marking  ] GC(1) Concurrent Scan Root Regions
[2024-03-04T09:33:56.014+0000][gc,marking  ] GC(1) Concurrent Scan Root Regions 0.903ms
[2024-03-04T09:33:56.014+0000][gc,marking  ] GC(1) Concurrent Mark
[2024-03-04T09:33:56.014+0000][gc,marking  ] GC(1) Concurrent Mark From Roots
[2024-03-04T09:33:56.014+0000][gc,task     ] GC(1) Using 2 workers of 2 for marking
[2024-03-04T09:33:56.014+0000][gc,marking  ] GC(1) Concurrent Mark From Roots 0.197ms
[2024-03-04T09:33:56.014+0000][gc,marking  ] GC(1) Concurrent Preclean
[2024-03-04T09:33:56.014+0000][gc,marking  ] GC(1) Concurrent Preclean 0.015ms
[2024-03-04T09:33:56.014+0000][gc,start    ] GC(1) Pause Remark
[2024-03-04T09:33:56.015+0000][gc          ] GC(1) Pause Remark 7M->7M(1024M) 0.687ms
[2024-03-04T09:33:56.015+0000][gc,cpu      ] GC(1) User=0.00s Sys=0.00s Real=0.00s
[2024-03-04T09:33:56.015+0000][gc,marking  ] GC(1) Concurrent Mark 1.035ms
[2024-03-04T09:33:56.015+0000][gc,marking  ] GC(1) Concurrent Rebuild Remembered Sets
[2024-03-04T09:33:56.015+0000][gc,marking  ] GC(1) Concurrent Rebuild Remembered Sets 0.252ms
[2024-03-04T09:33:56.015+0000][gc,start    ] GC(1) Pause Cleanup
[2024-03-04T09:33:56.015+0000][gc          ] GC(1) Pause Cleanup 8M->8M(1024M) 0.086ms
[2024-03-04T09:33:56.015+0000][gc,cpu      ] GC(1) User=0.00s Sys=0.00s Real=0.00s
[2024-03-04T09:33:56.015+0000][gc,marking  ] GC(1) Concurrent Cleanup for Next Mark
[2024-03-04T09:33:56.017+0000][gc,marking  ] GC(1) Concurrent Cleanup for Next Mark 1.722ms
[2024-03-04T09:33:56.017+0000][gc          ] GC(1) Concurrent Mark Cycle 4.189ms
[2024-03-04T09:33:56.315+0000][gc,start    ] GC(2) Pause Young (Normal) (G1 Evacuation Pause)
[2024-03-04T09:33:56.315+0000][gc,task     ] GC(2) Using 9 workers of 9 for evacuation
[2024-03-04T09:33:56.319+0000][gc,phases   ] GC(2)   Pre Evacuate Collection Set: 0.1ms
[2024-03-04T09:33:56.319+0000][gc,phases   ] GC(2)   Merge Heap Roots: 0.0ms
[2024-03-04T09:33:56.319+0000][gc,phases   ] GC(2)   Evacuate Collection Set: 3.2ms
[2024-03-04T09:33:56.319+0000][gc,phases   ] GC(2)   Post Evacuate Collection Set: 0.3ms
[2024-03-04T09:33:56.319+0000][gc,phases   ] GC(2)   Other: 0.1ms
[2024-03-04T09:33:56.319+0000][gc,heap     ] GC(2) Eden regions: 44->0(47)
[2024-03-04T09:33:56.319+0000][gc,heap     ] GC(2) Survivor regions: 7->4(7)
[2024-03-04T09:33:56.319+0000][gc,heap     ] GC(2) Old regions: 1->8
[2024-03-04T09:33:56.319+0000][gc,heap     ] GC(2) Archive regions: 0->0
[2024-03-04T09:33:56.319+0000][gc,heap     ] GC(2) Humongous regions: 0->0
[2024-03-04T09:33:56.319+0000][gc,metaspace] GC(2) Metaspace: 33510K(33792K)->33510K(33792K) NonClass: 29908K(30080K)->29908K(30080K) Class: 3601K(3712K)->3601K(3712K)
[2024-03-04T09:33:56.319+0000][gc          ] GC(2) Pause Young (Normal) (G1 Evacuation Pause) 51M->10M(1024M) 3.713ms
[2024-03-04T09:33:56.319+0000][gc,cpu      ] GC(2) User=0.02s Sys=0.01s Real=0.00s
[2024-03-04T09:33:56.377+0000][gc,start    ] GC(3) Pause Young (Concurrent Start) (Metadata GC Threshold)
[2024-03-04T09:33:56.377+0000][gc,task     ] GC(3) Using 9 workers of 9 for evacuation
[2024-03-04T09:33:56.378+0000][gc,phases   ] GC(3)   Pre Evacuate Collection Set: 0.1ms
[2024-03-04T09:33:56.378+0000][gc,phases   ] GC(3)   Merge Heap Roots: 0.0ms
[2024-03-04T09:33:56.378+0000][gc,phases   ] GC(3)   Evacuate Collection Set: 1.1ms
[2024-03-04T09:33:56.378+0000][gc,phases   ] GC(3)   Post Evacuate Collection Set: 0.2ms
[2024-03-04T09:33:56.378+0000][gc,phases   ] GC(3)   Other: 0.1ms
[2024-03-04T09:33:56.378+0000][gc,heap     ] GC(3) Eden regions: 9->0(47)
[2024-03-04T09:33:56.378+0000][gc,heap     ] GC(3) Survivor regions: 4->4(7)
[2024-03-04T09:33:56.378+0000][gc,heap     ] GC(3) Old regions: 8->8
[2024-03-04T09:33:56.378+0000][gc,heap     ] GC(3) Archive regions: 0->0
[2024-03-04T09:33:56.378+0000][gc,heap     ] GC(3) Humongous regions: 0->0
[2024-03-04T09:33:56.378+0000][gc,metaspace] GC(3) Metaspace: 35789K(35968K)->35789K(35968K) NonClass: 31910K(32000K)->31910K(32000K) Class: 3878K(3968K)->3878K(3968K)
[2024-03-04T09:33:56.378+0000][gc          ] GC(3) Pause Young (Concurrent Start) (Metadata GC Threshold) 19M->11M(1024M) 1.523ms
[2024-03-04T09:33:56.378+0000][gc,cpu      ] GC(3) User=0.01s Sys=0.00s Real=0.00s
[2024-03-04T09:33:56.378+0000][gc          ] GC(4) Concurrent Mark Cycle
[2024-03-04T09:33:56.378+0000][gc,marking  ] GC(4) Concurrent Clear Claimed Marks
[2024-03-04T09:33:56.378+0000][gc,marking  ] GC(4) Concurrent Clear Claimed Marks 0.006ms
[2024-03-04T09:33:56.378+0000][gc,marking  ] GC(4) Concurrent Scan Root Regions
[2024-03-04T09:33:56.379+0000][gc,marking  ] GC(4) Concurrent Scan Root Regions 0.959ms
[2024-03-04T09:33:56.379+0000][gc,marking  ] GC(4) Concurrent Mark
[2024-03-04T09:33:56.379+0000][gc,marking  ] GC(4) Concurrent Mark From Roots
[2024-03-04T09:33:56.379+0000][gc,task     ] GC(4) Using 2 workers of 2 for marking
[2024-03-04T09:33:56.381+0000][gc,marking  ] GC(4) Concurrent Mark From Roots 2.176ms
[2024-03-04T09:33:56.381+0000][gc,marking  ] GC(4) Concurrent Preclean
[2024-03-04T09:33:56.381+0000][gc,marking  ] GC(4) Concurrent Preclean 0.029ms
[2024-03-04T09:33:56.382+0000][gc,start    ] GC(4) Pause Remark
[2024-03-04T09:33:56.383+0000][gc          ] GC(4) Pause Remark 11M->11M(1024M) 0.718ms
[2024-03-04T09:33:56.383+0000][gc,cpu      ] GC(4) User=0.00s Sys=0.00s Real=0.00s
[2024-03-04T09:33:56.383+0000][gc,marking  ] GC(4) Concurrent Mark 3.559ms
[2024-03-04T09:33:56.383+0000][gc,marking  ] GC(4) Concurrent Rebuild Remembered Sets
[2024-03-04T09:33:56.384+0000][gc,marking  ] GC(4) Concurrent Rebuild Remembered Sets 1.306ms
[2024-03-04T09:33:56.384+0000][gc,start    ] GC(4) Pause Cleanup
[2024-03-04T09:33:56.384+0000][gc          ] GC(4) Pause Cleanup 12M->12M(1024M) 0.064ms
[2024-03-04T09:33:56.384+0000][gc,cpu      ] GC(4) User=0.00s Sys=0.00s Real=0.00s
[2024-03-04T09:33:56.384+0000][gc,marking  ] GC(4) Concurrent Cleanup for Next Mark
[2024-03-04T09:33:56.386+0000][gc,marking  ] GC(4) Concurrent Cleanup for Next Mark 1.270ms
[2024-03-04T09:33:56.386+0000][gc          ] GC(4) Concurrent Mark Cycle 7.332ms
[2024-03-04T09:34:39.051+0000][gc,start    ] GC(5) Pause Young (Normal) (G1 Evacuation Pause)
[2024-03-04T09:34:39.051+0000][gc,task     ] GC(5) Using 9 workers of 9 for evacuation
[2024-03-04T09:34:39.063+0000][gc,phases   ] GC(5)   Pre Evacuate Collection Set: 0.2ms
[2024-03-04T09:34:39.063+0000][gc,phases   ] GC(5)   Merge Heap Roots: 0.0ms
[2024-03-04T09:34:39.063+0000][gc,phases   ] GC(5)   Evacuate Collection Set: 11.2ms
[2024-03-04T09:34:39.063+0000][gc,phases   ] GC(5)   Post Evacuate Collection Set: 0.3ms
[2024-03-04T09:34:39.063+0000][gc,phases   ] GC(5)   Other: 0.3ms
[2024-03-04T09:34:39.063+0000][gc,heap     ] GC(5) Eden regions: 47->0(44)
[2024-03-04T09:34:39.063+0000][gc,heap     ] GC(5) Survivor regions: 4->7(7)
[2024-03-04T09:34:39.063+0000][gc,heap     ] GC(5) Old regions: 8->8
[2024-03-04T09:34:39.063+0000][gc,heap     ] GC(5) Archive regions: 0->0
[2024-03-04T09:34:39.063+0000][gc,heap     ] GC(5) Humongous regions: 129->129
[2024-03-04T09:34:39.063+0000][gc,metaspace] GC(5) Metaspace: 43535K(43840K)->43535K(43840K) NonClass: 38875K(39040K)->38875K(39040K) Class: 4660K(4800K)->4660K(4800K)
[2024-03-04T09:34:39.063+0000][gc          ] GC(5) Pause Young (Normal) (G1 Evacuation Pause) 187M->143M(1024M) 12.153ms
[2024-03-04T09:34:39.063+0000][gc,cpu      ] GC(5) User=0.01s Sys=0.05s Real=0.01s
[2024-03-04T09:41:33.409+0000][gc,start    ] GC(6) Pause Young (Normal) (G1 Evacuation Pause)
[2024-03-04T09:41:33.412+0000][gc,task     ] GC(6) Using 9 workers of 9 for evacuation
[2024-03-04T09:41:33.422+0000][gc,phases   ] GC(6)   Pre Evacuate Collection Set: 1.8ms
[2024-03-04T09:41:33.422+0000][gc,phases   ] GC(6)   Merge Heap Roots: 0.7ms
[2024-03-04T09:41:33.422+0000][gc,phases   ] GC(6)   Evacuate Collection Set: 7.0ms
[2024-03-04T09:41:33.422+0000][gc,phases   ] GC(6)   Post Evacuate Collection Set: 0.3ms
[2024-03-04T09:41:33.422+0000][gc,phases   ] GC(6)   Other: 3.9ms
[2024-03-04T09:41:33.422+0000][gc,heap     ] GC(6) Eden regions: 44->0(49)
[2024-03-04T09:41:33.422+0000][gc,heap     ] GC(6) Survivor regions: 7->2(7)
[2024-03-04T09:41:33.422+0000][gc,heap     ] GC(6) Old regions: 8->15
[2024-03-04T09:41:33.422+0000][gc,heap     ] GC(6) Archive regions: 0->0
[2024-03-04T09:41:33.422+0000][gc,heap     ] GC(6) Humongous regions: 129->129
[2024-03-04T09:41:33.422+0000][gc,metaspace] GC(6) Metaspace: 44418K(44736K)->44418K(44736K) NonClass: 39752K(39936K)->39752K(39936K) Class: 4665K(4800K)->4665K(4800K)
[2024-03-04T09:41:33.422+0000][gc          ] GC(6) Pause Young (Normal) (G1 Evacuation Pause) 187M->145M(1024M) 13.478ms
[2024-03-04T09:41:33.422+0000][gc,cpu      ] GC(6) User=0.01s Sys=0.02s Real=0.02s
[2024-03-04T09:42:01.076+0000][gc,heap,exit] Heap
[2024-03-04T09:42:01.077+0000][gc,heap,exit]  garbage-first heap   total 1048576K, used 166879K [0x00000007c0000000, 0x0000000800000000)
[2024-03-04T09:42:01.077+0000][gc,heap,exit]   region size 1024K, 20 young (20480K), 2 survivors (2048K)
[2024-03-04T09:42:01.077+0000][gc,heap,exit]  Metaspace       used 45078K, committed 45440K, reserved 1097728K
[2024-03-04T09:42:01.077+0000][gc,heap,exit]   class space    used 4822K, committed 4992K, reserved 1048576K
