[2024-03-04T09:34:02.866+0000][gc] Using G1
[2024-03-04T09:34:02.867+0000][gc,init] Version: 17.0.2+8 (release)
[2024-03-04T09:34:02.867+0000][gc,init] CPUs: 10 total, 10 available
[2024-03-04T09:34:02.867+0000][gc,init] Memory: 16384M
[2024-03-04T09:34:02.867+0000][gc,init] Large Page Support: Disabled
[2024-03-04T09:34:02.867+0000][gc,init] NUMA Support: Disabled
[2024-03-04T09:34:02.867+0000][gc,init] Compressed Oops: Enabled (Zero based)
[2024-03-04T09:34:02.867+0000][gc,init] Heap Region Size: 1M
[2024-03-04T09:34:02.867+0000][gc,init] Heap Min Capacity: 1G
[2024-03-04T09:34:02.867+0000][gc,init] Heap Initial Capacity: 1G
[2024-03-04T09:34:02.867+0000][gc,init] Heap Max Capacity: 1G
[2024-03-04T09:34:02.867+0000][gc,init] Pre-touch: Disabled
[2024-03-04T09:34:02.867+0000][gc,init] Parallel Workers: 9
[2024-03-04T09:34:02.867+0000][gc,init] Concurrent Workers: 2
[2024-03-04T09:34:02.867+0000][gc,init] Concurrent Refinement Workers: 9
[2024-03-04T09:34:02.867+0000][gc,init] Periodic GC: Disabled
[2024-03-04T09:34:02.867+0000][gc,metaspace] CDS archive(s) not mapped
[2024-03-04T09:34:02.867+0000][gc,metaspace] Compressed class space mapped at: 0x0000000800000000-0x0000000840000000, reserved size: 1073741824
[2024-03-04T09:34:02.867+0000][gc,metaspace] Narrow klass base: 0x0000000800000000, Narrow klass shift: 0, Narrow klass range: 0x40000000
[2024-03-04T09:34:03.267+0000][gc,start    ] GC(0) Pause Young (Concurrent Start) (Metadata GC Threshold)
[2024-03-04T09:34:03.268+0000][gc,task     ] GC(0) Using 9 workers of 9 for evacuation
[2024-03-04T09:34:03.270+0000][gc,phases   ] GC(0)   Pre Evacuate Collection Set: 0.1ms
[2024-03-04T09:34:03.270+0000][gc,phases   ] GC(0)   Merge Heap Roots: 0.0ms
[2024-03-04T09:34:03.271+0000][gc,phases   ] GC(0)   Evacuate Collection Set: 2.5ms
[2024-03-04T09:34:03.271+0000][gc,phases   ] GC(0)   Post Evacuate Collection Set: 0.2ms
[2024-03-04T09:34:03.271+0000][gc,phases   ] GC(0)   Other: 0.4ms
[2024-03-04T09:34:03.271+0000][gc,heap     ] GC(0) Eden regions: 35->0(44)
[2024-03-04T09:34:03.271+0000][gc,heap     ] GC(0) Survivor regions: 0->7(7)
[2024-03-04T09:34:03.271+0000][gc,heap     ] GC(0) Old regions: 0->1
[2024-03-04T09:34:03.271+0000][gc,heap     ] GC(0) Archive regions: 0->0
[2024-03-04T09:34:03.271+0000][gc,heap     ] GC(0) Humongous regions: 0->0
[2024-03-04T09:34:03.271+0000][gc,metaspace] GC(0) Metaspace: 21295K(21504K)->21295K(21504K) NonClass: 18972K(19072K)->18972K(19072K) Class: 2323K(2432K)->2323K(2432K)
[2024-03-04T09:34:03.271+0000][gc          ] GC(0) Pause Young (Concurrent Start) (Metadata GC Threshold) 34M->7M(1024M) 3.297ms
[2024-03-04T09:34:03.271+0000][gc,cpu      ] GC(0) User=0.01s Sys=0.01s Real=0.01s
[2024-03-04T09:34:03.271+0000][gc          ] GC(1) Concurrent Mark Cycle
[2024-03-04T09:34:03.271+0000][gc,marking  ] GC(1) Concurrent Clear Claimed Marks
[2024-03-04T09:34:03.271+0000][gc,marking  ] GC(1) Concurrent Clear Claimed Marks 0.007ms
[2024-03-04T09:34:03.271+0000][gc,marking  ] GC(1) Concurrent Scan Root Regions
[2024-03-04T09:34:03.272+0000][gc,marking  ] GC(1) Concurrent Scan Root Regions 0.902ms
[2024-03-04T09:34:03.272+0000][gc,marking  ] GC(1) Concurrent Mark
[2024-03-04T09:34:03.272+0000][gc,marking  ] GC(1) Concurrent Mark From Roots
[2024-03-04T09:34:03.272+0000][gc,task     ] GC(1) Using 2 workers of 2 for marking
[2024-03-04T09:34:03.272+0000][gc,marking  ] GC(1) Concurrent Mark From Roots 0.236ms
[2024-03-04T09:34:03.272+0000][gc,marking  ] GC(1) Concurrent Preclean
[2024-03-04T09:34:03.272+0000][gc,marking  ] GC(1) Concurrent Preclean 0.014ms
[2024-03-04T09:34:03.272+0000][gc,start    ] GC(1) Pause Remark
[2024-03-04T09:34:03.273+0000][gc          ] GC(1) Pause Remark 8M->8M(1024M) 0.725ms
[2024-03-04T09:34:03.273+0000][gc,cpu      ] GC(1) User=0.00s Sys=0.00s Real=0.00s
[2024-03-04T09:34:03.273+0000][gc,marking  ] GC(1) Concurrent Mark 1.116ms
[2024-03-04T09:34:03.273+0000][gc,marking  ] GC(1) Concurrent Rebuild Remembered Sets
[2024-03-04T09:34:03.273+0000][gc,marking  ] GC(1) Concurrent Rebuild Remembered Sets 0.282ms
[2024-03-04T09:34:03.273+0000][gc,start    ] GC(1) Pause Cleanup
[2024-03-04T09:34:03.273+0000][gc          ] GC(1) Pause Cleanup 8M->8M(1024M) 0.092ms
[2024-03-04T09:34:03.273+0000][gc,cpu      ] GC(1) User=0.00s Sys=0.00s Real=0.00s
[2024-03-04T09:34:03.273+0000][gc,marking  ] GC(1) Concurrent Cleanup for Next Mark
[2024-03-04T09:34:03.275+0000][gc,marking  ] GC(1) Concurrent Cleanup for Next Mark 1.558ms
[2024-03-04T09:34:03.275+0000][gc          ] GC(1) Concurrent Mark Cycle 4.147ms
[2024-03-04T09:34:03.561+0000][gc,start    ] GC(2) Pause Young (Normal) (G1 Evacuation Pause)
[2024-03-04T09:34:03.561+0000][gc,task     ] GC(2) Using 9 workers of 9 for evacuation
[2024-03-04T09:34:03.564+0000][gc,phases   ] GC(2)   Pre Evacuate Collection Set: 0.1ms
[2024-03-04T09:34:03.564+0000][gc,phases   ] GC(2)   Merge Heap Roots: 0.0ms
[2024-03-04T09:34:03.564+0000][gc,phases   ] GC(2)   Evacuate Collection Set: 2.6ms
[2024-03-04T09:34:03.564+0000][gc,phases   ] GC(2)   Post Evacuate Collection Set: 0.3ms
[2024-03-04T09:34:03.564+0000][gc,phases   ] GC(2)   Other: 0.1ms
[2024-03-04T09:34:03.564+0000][gc,heap     ] GC(2) Eden regions: 44->0(47)
[2024-03-04T09:34:03.564+0000][gc,heap     ] GC(2) Survivor regions: 7->4(7)
[2024-03-04T09:34:03.564+0000][gc,heap     ] GC(2) Old regions: 1->8
[2024-03-04T09:34:03.564+0000][gc,heap     ] GC(2) Archive regions: 0->0
[2024-03-04T09:34:03.564+0000][gc,heap     ] GC(2) Humongous regions: 0->0
[2024-03-04T09:34:03.564+0000][gc,metaspace] GC(2) Metaspace: 33396K(33664K)->33396K(33664K) NonClass: 29801K(29952K)->29801K(29952K) Class: 3594K(3712K)->3594K(3712K)
[2024-03-04T09:34:03.564+0000][gc          ] GC(2) Pause Young (Normal) (G1 Evacuation Pause) 51M->11M(1024M) 3.155ms
[2024-03-04T09:34:03.564+0000][gc,cpu      ] GC(2) User=0.02s Sys=0.01s Real=0.00s
[2024-03-04T09:34:03.612+0000][gc,start    ] GC(3) Pause Young (Concurrent Start) (Metadata GC Threshold)
[2024-03-04T09:34:03.612+0000][gc,task     ] GC(3) Using 9 workers of 9 for evacuation
[2024-03-04T09:34:03.614+0000][gc,phases   ] GC(3)   Pre Evacuate Collection Set: 0.1ms
[2024-03-04T09:34:03.614+0000][gc,phases   ] GC(3)   Merge Heap Roots: 0.0ms
[2024-03-04T09:34:03.614+0000][gc,phases   ] GC(3)   Evacuate Collection Set: 1.4ms
[2024-03-04T09:34:03.614+0000][gc,phases   ] GC(3)   Post Evacuate Collection Set: 0.2ms
[2024-03-04T09:34:03.614+0000][gc,phases   ] GC(3)   Other: 0.1ms
[2024-03-04T09:34:03.614+0000][gc,heap     ] GC(3) Eden regions: 10->0(47)
[2024-03-04T09:34:03.614+0000][gc,heap     ] GC(3) Survivor regions: 4->4(7)
[2024-03-04T09:34:03.614+0000][gc,heap     ] GC(3) Old regions: 8->8
[2024-03-04T09:34:03.614+0000][gc,heap     ] GC(3) Archive regions: 0->0
[2024-03-04T09:34:03.614+0000][gc,heap     ] GC(3) Humongous regions: 0->0
[2024-03-04T09:34:03.614+0000][gc,metaspace] GC(3) Metaspace: 35790K(35968K)->35790K(35968K) NonClass: 31911K(32000K)->31911K(32000K) Class: 3878K(3968K)->3878K(3968K)
[2024-03-04T09:34:03.614+0000][gc          ] GC(3) Pause Young (Concurrent Start) (Metadata GC Threshold) 20M->11M(1024M) 1.858ms
[2024-03-04T09:34:03.614+0000][gc,cpu      ] GC(3) User=0.01s Sys=0.00s Real=0.00s
[2024-03-04T09:34:03.614+0000][gc          ] GC(4) Concurrent Mark Cycle
[2024-03-04T09:34:03.614+0000][gc,marking  ] GC(4) Concurrent Clear Claimed Marks
[2024-03-04T09:34:03.614+0000][gc,marking  ] GC(4) Concurrent Clear Claimed Marks 0.007ms
[2024-03-04T09:34:03.614+0000][gc,marking  ] GC(4) Concurrent Scan Root Regions
[2024-03-04T09:34:03.615+0000][gc,marking  ] GC(4) Concurrent Scan Root Regions 0.883ms
[2024-03-04T09:34:03.615+0000][gc,marking  ] GC(4) Concurrent Mark
[2024-03-04T09:34:03.615+0000][gc,marking  ] GC(4) Concurrent Mark From Roots
[2024-03-04T09:34:03.615+0000][gc,task     ] GC(4) Using 2 workers of 2 for marking
[2024-03-04T09:34:03.617+0000][gc,marking  ] GC(4) Concurrent Mark From Roots 2.224ms
[2024-03-04T09:34:03.617+0000][gc,marking  ] GC(4) Concurrent Preclean
[2024-03-04T09:34:03.617+0000][gc,marking  ] GC(4) Concurrent Preclean 0.042ms
[2024-03-04T09:34:03.618+0000][gc,start    ] GC(4) Pause Remark
[2024-03-04T09:34:03.618+0000][gc          ] GC(4) Pause Remark 11M->11M(1024M) 0.669ms
[2024-03-04T09:34:03.618+0000][gc,cpu      ] GC(4) User=0.00s Sys=0.00s Real=0.00s
[2024-03-04T09:34:03.618+0000][gc,marking  ] GC(4) Concurrent Mark 3.307ms
[2024-03-04T09:34:03.618+0000][gc,marking  ] GC(4) Concurrent Rebuild Remembered Sets
[2024-03-04T09:34:03.620+0000][gc,marking  ] GC(4) Concurrent Rebuild Remembered Sets 1.239ms
[2024-03-04T09:34:03.620+0000][gc,start    ] GC(4) Pause Cleanup
[2024-03-04T09:34:03.620+0000][gc          ] GC(4) Pause Cleanup 12M->12M(1024M) 0.057ms
[2024-03-04T09:34:03.620+0000][gc,cpu      ] GC(4) User=0.00s Sys=0.00s Real=0.00s
[2024-03-04T09:34:03.620+0000][gc,marking  ] GC(4) Concurrent Cleanup for Next Mark
[2024-03-04T09:34:03.621+0000][gc,marking  ] GC(4) Concurrent Cleanup for Next Mark 1.175ms
[2024-03-04T09:34:03.621+0000][gc          ] GC(4) Concurrent Mark Cycle 6.891ms
[2024-03-04T09:34:44.098+0000][gc,start    ] GC(5) Pause Young (Normal) (G1 Evacuation Pause)
[2024-03-04T09:34:44.098+0000][gc,task     ] GC(5) Using 9 workers of 9 for evacuation
[2024-03-04T09:34:44.130+0000][gc,mmu      ] GC(5) MMU target violated: 21.0ms (20.0ms/21.0ms)
[2024-03-04T09:34:44.130+0000][gc,phases   ] GC(5)   Pre Evacuate Collection Set: 0.5ms
[2024-03-04T09:34:44.130+0000][gc,phases   ] GC(5)   Merge Heap Roots: 0.1ms
[2024-03-04T09:34:44.130+0000][gc,phases   ] GC(5)   Evacuate Collection Set: 26.9ms
[2024-03-04T09:34:44.130+0000][gc,phases   ] GC(5)   Post Evacuate Collection Set: 0.5ms
[2024-03-04T09:34:44.130+0000][gc,phases   ] GC(5)   Other: 4.3ms
[2024-03-04T09:34:44.130+0000][gc,heap     ] GC(5) Eden regions: 47->0(44)
[2024-03-04T09:34:44.130+0000][gc,heap     ] GC(5) Survivor regions: 4->7(7)
[2024-03-04T09:34:44.130+0000][gc,heap     ] GC(5) Old regions: 8->8
[2024-03-04T09:34:44.130+0000][gc,heap     ] GC(5) Archive regions: 0->0
[2024-03-04T09:34:44.130+0000][gc,heap     ] GC(5) Humongous regions: 129->129
[2024-03-04T09:34:44.130+0000][gc,metaspace] GC(5) Metaspace: 43442K(43776K)->43442K(43776K) NonClass: 38789K(38976K)->38789K(38976K) Class: 4652K(4800K)->4652K(4800K)
[2024-03-04T09:34:44.130+0000][gc          ] GC(5) Pause Young (Normal) (G1 Evacuation Pause) 187M->143M(1024M) 32.360ms
[2024-03-04T09:34:44.130+0000][gc,cpu      ] GC(5) User=0.02s Sys=0.05s Real=0.04s
[2024-03-04T09:41:40.959+0000][gc,start    ] GC(6) Pause Young (Normal) (G1 Evacuation Pause)
[2024-03-04T09:41:40.964+0000][gc,task     ] GC(6) Using 9 workers of 9 for evacuation
[2024-03-04T09:41:40.997+0000][gc,mmu      ] GC(6) MMU target violated: 21.0ms (20.0ms/21.0ms)
[2024-03-04T09:41:40.997+0000][gc,phases   ] GC(6)   Pre Evacuate Collection Set: 1.2ms
[2024-03-04T09:41:40.997+0000][gc,phases   ] GC(6)   Merge Heap Roots: 0.3ms
[2024-03-04T09:41:40.997+0000][gc,phases   ] GC(6)   Evacuate Collection Set: 26.4ms
[2024-03-04T09:41:40.997+0000][gc,phases   ] GC(6)   Post Evacuate Collection Set: 0.3ms
[2024-03-04T09:41:40.997+0000][gc,phases   ] GC(6)   Other: 9.8ms
[2024-03-04T09:41:40.997+0000][gc,heap     ] GC(6) Eden regions: 44->0(49)
[2024-03-04T09:41:40.997+0000][gc,heap     ] GC(6) Survivor regions: 7->2(7)
[2024-03-04T09:41:40.997+0000][gc,heap     ] GC(6) Old regions: 8->15
[2024-03-04T09:41:40.997+0000][gc,heap     ] GC(6) Archive regions: 0->0
[2024-03-04T09:41:40.997+0000][gc,heap     ] GC(6) Humongous regions: 129->129
[2024-03-04T09:41:40.997+0000][gc,metaspace] GC(6) Metaspace: 44405K(44736K)->44405K(44736K) NonClass: 39745K(39936K)->39745K(39936K) Class: 4659K(4800K)->4659K(4800K)
[2024-03-04T09:41:40.997+0000][gc          ] GC(6) Pause Young (Normal) (G1 Evacuation Pause) 187M->144M(1024M) 38.088ms
[2024-03-04T09:41:40.997+0000][gc,cpu      ] GC(6) User=0.02s Sys=0.04s Real=0.04s
[2024-03-04T09:42:06.091+0000][gc,heap,exit] Heap
[2024-03-04T09:42:06.091+0000][gc,heap,exit]  garbage-first heap   total 1048576K, used 175935K [0x00000007c0000000, 0x0000000800000000)
[2024-03-04T09:42:06.091+0000][gc,heap,exit]   region size 1024K, 20 young (20480K), 2 survivors (2048K)
[2024-03-04T09:42:06.091+0000][gc,heap,exit]  Metaspace       used 45391K, committed 45696K, reserved 1097728K
[2024-03-04T09:42:06.091+0000][gc,heap,exit]   class space    used 4868K, committed 4992K, reserved 1048576K
